#-----------------------------------------------------------
# Vivado v2021.2 (64-bit)
# SW Build 3367213 on Tue Oct 19 02:48:09 MDT 2021
# IP Build 3369179 on Thu Oct 21 08:25:16 MDT 2021
# Start of session at: Sun Feb 12 16:11:54 2023
# Process ID: 38888
# Current directory: C:/Users/YuWenlu/Documents/CE339-6/22-23_CE339_yu_wenlu/lab2_4_1/lab2_4_1.runs/synth_1
# Command line: vivado.exe -log create_a_2to1multiplexer_using_behavioral_modeling.vds -product Vivado -mode batch -messageDb vivado.pb -notrace -source create_a_2to1multiplexer_using_behavioral_modeling.tcl
# Log file: C:/Users/YuWenlu/Documents/CE339-6/22-23_CE339_yu_wenlu/lab2_4_1/lab2_4_1.runs/synth_1/create_a_2to1multiplexer_using_behavioral_modeling.vds
# Journal file: C:/Users/YuWenlu/Documents/CE339-6/22-23_CE339_yu_wenlu/lab2_4_1/lab2_4_1.runs/synth_1\vivado.jou
# Running On: YuWenlu, OS: Windows, CPU Frequency: 3110 MHz, CPU Physical cores: 12, Host memory: 16890 MB
#-----------------------------------------------------------
source create_a_2to1multiplexer_using_behavioral_modeling.tcl -notrace
